>>> Generating message classes from Messages.msg...
/home/leena/omnetpp-6.1/bin/opp_msgc -I/home/leena/veins/src src/protocol/Messages.msg
g++ -std=c++17 -O2 -Wall -fPIC -pthread -I/home/leena/omnetpp-6.1/include -I/home/leena/veins/src -I/home/leena/swarm-evo-se/src -I/usr/include/nlohmann -c src/protocol/Messages_m.cc -o src/protocol/Messages_m.o
g++ -std=c++17 -O2 -Wall -fPIC -pthread -I/home/leena/omnetpp-6.1/include -I/home/leena/veins/src -I/home/leena/swarm-evo-se/src -I/usr/include/nlohmann -c src/protocol/RevocationProtocol.cc -o src/protocol/RevocationProtocol.o
g++ -std=c++17 -O2 -Wall -fPIC -pthread -I/home/leena/omnetpp-6.1/include -I/home/leena/veins/src -I/home/leena/swarm-evo-se/src -I/usr/include/nlohmann -c src/protocol/SwarmConsensus.cc -o src/protocol/SwarmConsensus.o
g++ -std=c++17 -O2 -Wall -fPIC -pthread -I/home/leena/omnetpp-6.1/include -I/home/leena/veins/src -I/home/leena/swarm-evo-se/src -I/usr/include/nlohmann -c src/crypto/ACF.cc -o src/crypto/ACF.o
g++ -std=c++17 -O2 -Wall -fPIC -pthread -I/home/leena/omnetpp-6.1/include -I/home/leena/veins/src -I/home/leena/swarm-evo-se/src -I/usr/include/nlohmann -c src/crypto/BLSSignature.cc -o src/crypto/BLSSignature.o
g++ -std=c++17 -O2 -Wall -fPIC -pthread -I/home/leena/omnetpp-6.1/include -I/home/leena/veins/src -I/home/leena/swarm-evo-se/src -I/usr/include/nlohmann -c src/crypto/HSM.cc -o src/crypto/HSM.o
g++ -std=c++17 -O2 -Wall -fPIC -pthread -I/home/leena/omnetpp-6.1/include -I/home/leena/veins/src -I/home/leena/swarm-evo-se/src -I/usr/include/nlohmann -c src/crypto/ZKProof.cc -o src/crypto/ZKProof.o
g++ -std=c++17 -O2 -Wall -fPIC -pthread -I/home/leena/omnetpp-6.1/include -I/home/leena/veins/src -I/home/leena/swarm-evo-se/src -I/usr/include/nlohmann -c src/vehicle/ProofPool.cc -o src/vehicle/ProofPool.o
g++ -std=c++17 -O2 -Wall -fPIC -pthread -I/home/leena/omnetpp-6.1/include -I/home/leena/veins/src -I/home/leena/swarm-evo-se/src -I/usr/include/nlohmann -c src/vehicle/PseudonymEngine.cc -o src/vehicle/PseudonymEngine.o
g++ -std=c++17 -O2 -Wall -fPIC -pthread -I/home/leena/omnetpp-6.1/include -I/home/leena/veins/src -I/home/leena/swarm-evo-se/src -I/usr/include/nlohmann -c src/vehicle/SwarmVehicle.cc -o src/vehicle/SwarmVehicle.o
src/vehicle/SwarmVehicle.cc: In member function ‘void SwarmVehicle::performManufacture()’:
src/vehicle/SwarmVehicle.cc:161:14: warning: variable ‘phase1ParamReadStart’ set but not used [-Wunused-but-set-variable]
  161 |         auto phase1ParamReadStart = PhaseClock::now();
      |              ^~~~~~~~~~~~~~~~~~~~
src/vehicle/SwarmVehicle.cc:162:16: warning: unused variable ‘demoEpochDuration’ [-Wunused-variable]
  162 |         double demoEpochDuration = par("epochDuration").doubleValue();
      |                ^~~~~~~~~~~~~~~~~
src/vehicle/SwarmVehicle.cc:163:16: warning: unused variable ‘demoBeaconInterval’ [-Wunused-variable]
  163 |         double demoBeaconInterval = par("beaconInterval").doubleValue();
      |                ^~~~~~~~~~~~~~~~~~
src/vehicle/SwarmVehicle.cc:164:13: warning: unused variable ‘demoTrustCacheTTL’ [-Wunused-variable]
  164 |         int demoTrustCacheTTL = par("trustCacheTTL").intValue();
      |             ^~~~~~~~~~~~~~~~~
src/vehicle/SwarmVehicle.cc:165:13: warning: unused variable ‘demoAcfMaxStaleness’ [-Wunused-variable]
  165 |         int demoAcfMaxStaleness = par("acfMaxStaleness").intValue();
      |             ^~~~~~~~~~~~~~~~~~~
src/vehicle/SwarmVehicle.cc:166:14: warning: variable ‘phase1AfterParamRead’ set but not used [-Wunused-but-set-variable]
  166 |         auto phase1AfterParamRead = PhaseClock::now();
      |              ^~~~~~~~~~~~~~~~~~~~
src/vehicle/SwarmVehicle.cc:168:14: warning: variable ‘demoMs’ set but not used [-Wunused-but-set-variable]
  168 |         auto demoMs = [](const PhaseClock::time_point& a,
      |              ^~~~~~
src/vehicle/SwarmVehicle.cc:113:10: warning: variable ‘phase1Start’ set but not used [-Wunused-but-set-variable]
  113 |     auto phase1Start = PhaseClock::now();
      |          ^~~~~~~~~~~
src/vehicle/SwarmVehicle.cc:116:10: warning: variable ‘phase1AfterHsm’ set but not used [-Wunused-but-set-variable]
  116 |     auto phase1AfterHsm = PhaseClock::now();
      |          ^~~~~~~~~~~~~~
src/vehicle/SwarmVehicle.cc:121:10: warning: variable ‘phase1AfterBind’ set but not used [-Wunused-but-set-variable]
  121 |     auto phase1AfterBind = PhaseClock::now();
      |          ^~~~~~~~~~~~~~~
src/vehicle/SwarmVehicle.cc:127:10: warning: variable ‘phase1AfterPublicKey’ set but not used [-Wunused-but-set-variable]
  127 |     auto phase1AfterPublicKey = PhaseClock::now();
      |          ^~~~~~~~~~~~~~~~~~~~
src/vehicle/SwarmVehicle.cc:133:10: warning: variable ‘phase1AfterNonce’ set but not used [-Wunused-but-set-variable]
  133 |     auto phase1AfterNonce = PhaseClock::now();
      |          ^~~~~~~~~~~~~~~~
src/vehicle/SwarmVehicle.cc:135:10: warning: variable ‘phase1AfterPoP’ set but not used [-Wunused-but-set-variable]
  135 |     auto phase1AfterPoP = PhaseClock::now();
      |          ^~~~~~~~~~~~~~
src/vehicle/SwarmVehicle.cc:141:10: warning: variable ‘phase1AfterTaLookup’ set but not used [-Wunused-but-set-variable]
  141 |     auto phase1AfterTaLookup = PhaseClock::now();
      |          ^~~~~~~~~~~~~~~~~~~
src/vehicle/SwarmVehicle.cc:143:10: warning: variable ‘phase1AfterTaVerify’ set but not used [-Wunused-but-set-variable]
  143 |     auto phase1AfterTaVerify = PhaseClock::now();
      |          ^~~~~~~~~~~~~~~~~~~
src/vehicle/SwarmVehicle.cc:152:10: warning: variable ‘phase1AfterCluster’ set but not used [-Wunused-but-set-variable]
  152 |     auto phase1AfterCluster = PhaseClock::now();
      |          ^~~~~~~~~~~~~~~~~~
g++ -std=c++17 -O2 -Wall -fPIC -pthread -I/home/leena/omnetpp-6.1/include -I/home/leena/veins/src -I/home/leena/swarm-evo-se/src -I/usr/include/nlohmann -c src/vehicle/TrustCache.cc -o src/vehicle/TrustCache.o
g++ -std=c++17 -O2 -Wall -fPIC -pthread -I/home/leena/omnetpp-6.1/include -I/home/leena/veins/src -I/home/leena/swarm-evo-se/src -I/usr/include/nlohmann -c src/ta/TrustedAuthority.cc -o src/ta/TrustedAuthority.o
g++ -std=c++17 -O2 -Wall -fPIC -pthread -I/home/leena/omnetpp-6.1/include -I/home/leena/veins/src -I/home/leena/swarm-evo-se/src -I/usr/include/nlohmann -c src/gui/DashboardServer.cc -o src/gui/DashboardServer.o
>>> Linking SwarmEvoSE...
g++ -std=c++17 -O2 -Wall -fPIC -pthread -I/home/leena/omnetpp-6.1/include -I/home/leena/veins/src -I/home/leena/swarm-evo-se/src -I/usr/include/nlohmann -o SwarmEvoSE src/protocol/Messages_m.o src/protocol/RevocationProtocol.o src/protocol/SwarmConsensus.o src/crypto/ACF.o src/crypto/BLSSignature.o src/crypto/HSM.o src/crypto/ZKProof.o src/vehicle/ProofPool.o src/vehicle/PseudonymEngine.o src/vehicle/SwarmVehicle.o src/vehicle/TrustCache.o src/ta/TrustedAuthority.o src/gui/DashboardServer.o -L/home/leena/omnetpp-6.1/lib -L/home/leena/veins/src -lssl -lcrypto -lveins -loppmain -loppenvir -loppsim -loppcommon
>>> Build complete.
